*****************************************************************
      SolidWorks Corporation - IGES Processor Status Report
*****************************************************************
=================================================================
General Information
=================================================================
Sending System Product I.D.  : CIM Motor.iam
Receiving System Product I.D.: CIM Motor.iam
File Name                    : No Iges File Name specified
Sending System               : AutoDesk Inventor R6.0
Preprocessor Version         : AutoDesk Inventor Iges Exporter R6.0
File Creation Date           : 20060116.113239
Model Creation Date          : 
Units                        : IN
Model Space Scale            : 1
Author                       : No Author specified
Organization                 : No Organization specified


=================================================================
Entity Processing Information
=================================================================


=================================================================
Precision analysis of IGES file:
=================================================================
  Most prevalent number of significant digits:              14
  Highest number of significant digits:                     14
  Average number of significant digits:                11.5125
  Maximum distance to origin:                          4.18207
  Minimum distance to origin:                                0
  Effective number of significant digits:                   14


=================================================================
Entity Summary
=================================================================
-----------------------------------------------------------------
Type Name                                         Count Converted
---- ----                                         ----- ---------
100  Arc                                            108       108
110  Line                                           130       130
116  Point                                           39        39
120  Surface of revolution                           25        25
123  Direction                                       78        78
124  Transformation matrix                           47        47
126  Rational B-spline curve                         44        44
128  Rational B-spline surface                       13        13
141  Boundary                                       122       122
143  Bounded surface                                 77        77
190  Plane surface entity                            39        39
308  Subfigure definition                             2         2
314  Color definition                                 2         2
408  Singular subfigure instance                      3         3
_________________________________________________________________


=================================================================
Result Summary
=================================================================
SolidWorks Feature Type                Count
-----------------------                -----
Solid feature(s)                       2
Surface feature(s)                     0
Curve/Sketch feature(s)                0
--------------------------------------------
Start time: Thursday, November 28, 2013 06:03:53
Finish time: Thursday, November 28, 2013 06:04:02
Processing time: 0 days, 00 hours, 00 mins, 09 secs
